Detecting compiler hash for triplet x64-windows...
Compiler found: D:/Program Files/Visual_Studio/26/Community/VC/Tools/MSVC/14.50.35717/bin/Hostx64/x64/cl.exe
The following packages will be built and installed:
    glm:x64-windows@1.0.3
    sdl2:x64-windows@2.32.10
  * vcpkg-cmake:x64-windows@2024-04-23
  * vcpkg-cmake-config:x64-windows@2024-05-23
Additional packages (*) will be modified to complete this operation.
Restored 3 package(s) from C:\Users\Owner\AppData\Local\vcpkg\archives in 312 ms. Use --debug to see more details.
Installing 1/4 vcpkg-cmake-config:x64-windows@2024-05-23...
Elapsed time to handle vcpkg-cmake-config:x64-windows: 12.1 ms
vcpkg-cmake-config:x64-windows package ABI: 16101c2f9d64dfb5b78a6c146fa1c111fab21c6291e2eb0142dc8013ed54c486
Installing 2/4 vcpkg-cmake:x64-windows@2024-04-23...
Elapsed time to handle vcpkg-cmake:x64-windows: 27 ms
vcpkg-cmake:x64-windows package ABI: 22e7b025a4f58d382439fb2c58998c0b34799a4fe52b8a82de60a086bbd2b308
Installing 3/4 glm:x64-windows@1.0.3...
Building glm:x64-windows@1.0.3...
-- Note: glm only supports static library linkage. Building static library.
-- Using cached g-truc-glm-1.0.3.tar.gz
-- Cleaning sources at C:/Users/Owner/vcpkg/buildtrees/glm/src/1.0.3-65552ff9f1.clean. Use --editable to skip cleaning for the packages you specify.
-- Extracting source C:/Users/Owner/vcpkg/downloads/g-truc-glm-1.0.3.tar.gz
-- Using source at C:/Users/Owner/vcpkg/buildtrees/glm/src/1.0.3-65552ff9f1.clean
-- Configuring x64-windows
-- Building x64-windows-dbg
-- Building x64-windows-rel
-- Installing: C:/Users/Owner/vcpkg/packages/glm_x64-windows/share/glm/copyright
-- Installing: C:/Users/Owner/vcpkg/packages/glm_x64-windows/share/glm/usage
-- Performing post-build validation
Starting submission of glm:x64-windows@1.0.3 to 1 binary cache(s) in the background
Elapsed time to handle glm:x64-windows: 12 s
glm:x64-windows package ABI: 313029ef077c8f637f851c171186ca9f438cb6012fea99fe89a5aa4661b3368b
Installing 4/4 sdl2:x64-windows@2.32.10...
Elapsed time to handle sdl2:x64-windows: 75.1 ms
sdl2:x64-windows package ABI: 57c9ae64093944e8217dbe0ebf46846d79abcd4dbdd2bb00ac0d5a05f6b0498d
Installed contents are licensed to you by owners. Microsoft is not responsible for, nor does it grant any licenses to, third-party packages.
Packages installed in this vcpkg installation declare the following licenses:
MIT
Zlib
The package glm provides CMake targets:

    find_package(glm CONFIG REQUIRED)
    target_link_libraries(main PRIVATE glm::glm)

    # Or use the header-only version
    find_package(glm CONFIG REQUIRED)
    target_link_libraries(main PRIVATE glm::glm-header-only)

sdl2 provides CMake targets:

    find_package(SDL2 CONFIG REQUIRED)
    target_link_libraries(main
        PRIVATE
        $<TARGET_NAME_IF_EXISTS:SDL2::SDL2main>
        $<IF:$<TARGET_EXISTS:SDL2::SDL2>,SDL2::SDL2,SDL2::SDL2-static>
    )

Waiting for 1 remaining binary cache submissions...
Completed submission of glm:x64-windows@1.0.3 to 1 binary cache(s) in 395 ms (1/1)
All requested installations completed successfully in: 12 s
